// Jest Snapshot v1, https://goo.gl/fbAQLP

exports[`Header Component snapshot 1`] = `
<header
  className="MuiBox-root MuiBox-root-2"
>
  <div
    className="MuiContainer-root MuiContainer-maxWidthMd"
  >
    <div
      className="MuiGrid-root MuiGrid-container MuiGrid-align-items-xs-center MuiGrid-justify-xs-space-between"
    >
      <div
        className="MuiGrid-root MuiGrid-item"
      >
        <a
          aria-current="page"
          className="MuiTypography-root MuiLink-root MuiLink-underlineNone MuiTypography-colorPrimary active"
          href="/"
          onBlur={[Function]}
          onClick={[Function]}
          onFocus={[Function]}
          style={Object {}}
        >
          <div
            className="MuiBox-root MuiBox-root-3"
          >
            <img
              alt="logo"
              className="makeStyles-image-1"
              src="https://auto1-js-task-api--mufasa71.repl.co/images/logo.png"
            />
          </div>
        </a>
      </div>
      <div
        className="MuiGrid-root MuiGrid-item"
      >
        <p
          className="MuiTypography-root MuiTypography-body1"
        >
          <span
            className="MuiBox-root MuiBox-root-4"
          >
            <a
              aria-current="page"
              className="MuiTypography-root MuiLink-root MuiLink-underlineNone MuiTypography-colorPrimary active"
              href="/"
              onBlur={[Function]}
              onClick={[Function]}
              onFocus={[Function]}
              style={Object {}}
            >
              <span
                className="MuiBox-root MuiBox-root-5"
              >
                Purchase
              </span>
            </a>
            <a
              aria-current={null}
              className="MuiTypography-root MuiLink-root MuiLink-underlineNone MuiTypography-colorPrimary"
              href="/favorites"
              onBlur={[Function]}
              onClick={[Function]}
              onFocus={[Function]}
            >
              <span
                className="MuiBox-root MuiBox-root-6"
              >
                Favorites
              </span>
            </a>
            <a
              aria-current={null}
              className="MuiTypography-root MuiLink-root MuiLink-underlineNone MuiTypography-colorPrimary"
              href="/sell"
              onBlur={[Function]}
              onClick={[Function]}
              onFocus={[Function]}
            >
              <span
                className="MuiBox-root MuiBox-root-7"
              >
                Sell
              </span>
            </a>
          </span>
        </p>
      </div>
    </div>
  </div>
</header>
`;
